module Test where{

test = ado{
  baz;
  let {foo = bar}}
   in bar;

test = ado {}in foo}
<eof>